// Jest Snapshot v1, https://goo.gl/fbAQLP

exports[`AbstractRpcClient defines cmds methods 1`] = `
[
  "issueConsole",
  "issueTso",
  "issueUnix",
]
`;

exports[`AbstractRpcClient defines ds methods 1`] = `
[
  "listDatasets",
  "listDsMembers",
  "readDataset",
  "writeDataset",
  "restoreDataset",
  "deleteDataset",
  "createDataset",
  "createMember",
]
`;

exports[`AbstractRpcClient defines jobs methods 1`] = `
[
  "getJcl",
  "listJobs",
  "listSpools",
  "readSpool",
  "getStatus",
  "cancelJob",
  "deleteJob",
  "submitJob",
  "submitUss",
  "submitJcl",
  "holdJob",
  "releaseJob",
]
`;

exports[`AbstractRpcClient defines uss methods 1`] = `
[
  "listFiles",
  "readFile",
  "writeFile",
  "deleteFile",
  "createFile",
  "chmodFile",
  "chownFile",
  "chtagFile",
]
`;
